<html>
<body>
<pre>
<h1>µVision Build Log</h1>
<h2>Project:</h2>
C:\Users\Administrator\Documents\GitHub\control\uCOSII2.91+UCGUI3.90A\MDK_Project\Project.uvproj
Project File Date:  01/20/2014

<h2>Output:</h2>
Build target 'Target 1'
linking...
Program Size: Code=59644 RO-data=27044 RW-data=340 ZI-data=54460  
FromELF: creating hex file...
".\Out\Project.axf" - 0 Error(s), 0 Warning(s).
Load "C:\\Users\\Administrator\\Documents\\GitHub\\control\\uCOSII2.91+UCGUI3.90A\\MDK_Project\\Out\\Project.AXF" 
* JLink Info: Device "STM32F407VE" selected.
Set JLink Project File to "C:\Users\Administrator\Documents\GitHub\control\uCOSII2.91+UCGUI3.90A\MDK_Project\JLinkSettings.ini"
 
JLink info:
------------
DLL: V4.96 , compiled Dec 22 2014 09:51:48
Firmware: J-Link ARM-OB STM32 compiled Aug 22 2012 19:52:04
Hardware: V7.00
S/N : 20160403 
Feature(s) : RDI,FlashDL,FlashBP,JFlash,GDBFull 
 
* JLink Info: Found SWD-DP with ID 0x2BA01477
* JLink Info: Found SWD-DP with ID 0x2BA01477
* JLink Info: Found Cortex-M4 r0p1, Little endian.
* JLink Info: FPUnit: 6 code (BP) slots and 2 literal slots
* JLink Info: TPIU fitted.
* JLink Info: ETM fitted.
ROMTableAddr = 0xE00FF003
 
Target info:
------------
Device: STM32F407VE
VTarget = 3.300V
State of Pins: 
TCK: 0, TDI: 0, TDO: 1, TMS: 0, TRES: 1, TRST: 1
Hardware-Breakpoints: 6
Software-Breakpoints: 8192
Watchpoints:          4
JTAG speed: 2000 kHz
 
Erase Done.
Programming Done.
Verify OK.
Application running ...
